==============================================================================
WHAT HAS TO BE TRUE
==============================================================================

CAC axis: 0.65x to 1.65x base, the Phase 4 Aggressive-to-Conservative band (our estimate, unmeasured)
  UAE 36 to 91, India 7 to 17 at year 7
Partner axis: 0 to 14 by year 7 (the plan says 11)
Each cell: median of 500 paths on shared seeds, axes pinned

  cell 1/49 done  (CAC 0.82x, 2p: -2.77m)
  cell 2/49 done  (CAC 0.82x, 4p: -2.07m)
  cell 3/49 done  (CAC 0.82x, 0p: -3.61m)
  cell 4/49 done  (CAC 0.66x, 2p: -2.12m)
  cell 5/49 done  (CAC 0.66x, 14p: +2.16m)
  cell 6/49 done  (CAC 0.66x, 0p: -2.95m)
  cell 7/49 done  (CAC 0.66x, 4p: -1.40m)
  cell 8/49 done  (CAC 0.66x, 6p: -0.47m)
  cell 9/49 done  (CAC 0.66x, 11p: +1.20m)
  cell 10/49 done  (CAC 0.66x, 8p: +0.22m)
  cell 11/49 done  (CAC 0.82x, 8p: -0.48m)
  cell 12/49 done  (CAC 0.82x, 6p: -1.17m)
  cell 13/49 done  (CAC 0.82x, 11p: +0.48m)
  cell 14/49 done  (CAC 0.99x, 2p: -3.28m)
  cell 15/49 done  (CAC 0.99x, 0p: -4.10m)
  cell 16/49 done  (CAC 0.99x, 6p: -1.70m)
  cell 17/49 done  (CAC 0.99x, 8p: -1.01m)
  cell 18/49 done  (CAC 0.99x, 11p: -0.02m)
  cell 19/49 done  (CAC 0.99x, 4p: -2.60m)
  cell 20/49 done  (CAC 0.82x, 14p: +1.49m)
  cell 21/49 done  (CAC 1.16x, 0p: -4.49m)
  cell 22/49 done  (CAC 1.16x, 2p: -3.67m)
  cell 23/49 done  (CAC 1.16x, 4p: -2.99m)
  cell 24/49 done  (CAC 1.16x, 6p: -2.08m)
  cell 25/49 done  (CAC 1.32x, 0p: -4.79m)
  cell 26/49 done  (CAC 1.16x, 8p: -1.38m)
  cell 27/49 done  (CAC 1.16x, 11p: -0.43m)
  cell 28/49 done  (CAC 1.16x, 14p: +0.62m)
  cell 29/49 done  (CAC 0.99x, 14p: +0.98m)
  cell 30/49 done  (CAC 1.32x, 2p: -3.96m)
  cell 31/49 done  (CAC 1.32x, 8p: -1.68m)
  cell 32/49 done  (CAC 1.32x, 4p: -3.28m)
  cell 33/49 done  (CAC 1.49x, 2p: -4.22m)
  cell 34/49 done  (CAC 1.49x, 0p: -5.03m)
  cell 35/49 done  (CAC 1.49x, 6p: -2.59m)
  cell 36/49 done  (CAC 1.32x, 6p: -2.34m)
  cell 37/49 done  (CAC 1.49x, 4p: -3.54m)
  cell 38/49 done  (CAC 1.32x, 11p: -0.69m)
  cell 39/49 done  (CAC 1.49x, 8p: -1.92m)
  cell 40/49 done  (CAC 1.32x, 14p: +0.34m)
  cell 41/49 done  (CAC 1.66x, 2p: -4.41m)
  cell 42/49 done  (CAC 1.66x, 4p: -3.71m)
  cell 43/49 done  (CAC 1.66x, 0p: -5.22m)
  cell 44/49 done  (CAC 1.66x, 8p: -2.10m)
  cell 45/49 done  (CAC 1.66x, 6p: -2.79m)
  cell 46/49 done  (CAC 1.66x, 14p: -0.06m)
  cell 47/49 done  (CAC 1.66x, 11p: -1.15m)
  cell 48/49 done  (CAC 1.49x, 11p: -0.94m)
  cell 49/49 done  (CAC 1.49x, 14p: +0.05m)

CUMULATIVE PROFIT AT YEAR 7, MEDIAN OF 500 PATHS, USD millions
   CAC         0p        2p        4p        6p        8p       11p       14p
 0.66x      -2.95     -2.12     -1.40     -0.47      0.22      1.20      2.16
 0.82x      -3.61     -2.77     -2.07     -1.17     -0.48      0.48      1.49
 0.99x      -4.10     -3.28     -2.60     -1.70     -1.01     -0.02      0.98
 1.16x      -4.49     -3.67     -2.99     -2.08     -1.38     -0.43      0.62
 1.32x      -4.79     -3.96     -3.28     -2.34     -1.68     -0.69      0.34
 1.49x      -5.03     -4.22     -3.54     -2.59     -1.92     -0.94      0.05
 1.66x      -5.22     -4.41     -3.71     -2.79     -2.10     -1.15     -0.06

THE CONDITION, read off the map:
  CAC 0.66x (        UAE 36 / India 7): needs 8 partners
  CAC 0.82x (        UAE 45 / India 8): needs 11 partners
  CAC 0.99x (       UAE 54 / India 10): needs 14 partners
  CAC 1.16x (       UAE 64 / India 12): needs 14 partners
  CAC 1.32x (       UAE 73 / India 13): needs 14 partners
  CAC 1.49x (       UAE 82 / India 15): needs 14 partners
  CAC 1.66x (       UAE 91 / India 17): does not clear at any partner count tested

==============================================================================
DOES ANY REGION CARRY ITSELF?
==============================================================================
          rev/cust   certain  uncertain   margin     CAC   churn       needed    builds
  UAE        32.80     10.72      28.32   -10.48   74.19   36.5% beyond region    31,050
  GULF       28.75      8.87      25.29    -9.20   56.99   37.0% beyond region     9,800
  INDIA      32.39     12.10       4.67    14.92   13.11   30.5%       23,475    48,240

  'needed' is customers in that region alone to cover the WHOLE company's
  fixed base; 'builds' is what the plan's budget share actually reaches there.

wrote outputs/conditions.json
