  250/2000 paths
  500/2000 paths
  750/2000 paths
  1000/2000 paths
  1250/2000 paths
  1500/2000 paths
  1750/2000 paths
  2000/2000 paths
{
 "n_paths": 2000,
 "seed": 20270101,
 "safe_raise": {
  "p50": 2963763.2751760986,
  "p80": 4076273.9579746937,
  "p90": 4827893.819534483,
  "p95": 5481046.069402589
 },
 "P_peak_funding_gt_3m": 0.487,
 "P_cum_breakeven_by": {
  "Y4": 0.083,
  "Y5": 0.2165,
  "Y6": 0.379,
  "Y7": 0.4955
 },
 "net_profit_y7": {
  "p10": -237644.54481595432,
  "p50": 685623.1759146431,
  "p90": 2041560.3359262832
 },
 "revenue_y7": {
  "p10": 3455636.6048082197,
  "p50": 4448090.174725749,
  "p90": 5851271.958502168
 },
 "revenue_y7_ex_b2b_p50": 2927025.547276156,
 "P_any_margin_call": 0.0385,
 "total_called_share_p95": 0.0,
 "paying_y7": {
  "p10": 75359.0,
  "p50": 88390.0,
  "p90": 101842.0
 }
}
