partner plan [0, 1, 3, 5, 7, 9, 11] -> [0, 1, 3, 5, 8, 11, 14]
  250/2000
  500/2000
  750/2000
  1000/2000
  1250/2000
  1500/2000
  1750/2000
  2000/2000
{
 "tag": "rec",
 "n_paths": 2000,
 "scale": 1.0,
 "config": {
  "ladder_ceiling": 1.5,
  "steepness": "convex",
  "rail": 0.3,
  "alloc": [
   0.4,
   0.1,
   0.5
  ],
  "partners_extra": 3,
  "partner_plan": [
   0,
   1,
   3,
   5,
   8,
   11,
   14
  ],
  "ramp_months": 9.0
 },
 "safe_raise": {
  "p50": 2563298.543533106,
  "p80": 3064875.2256578733,
  "p90": 3435406.415063843,
  "p95": 3732361.1132970224
 },
 "P_cum_breakeven_by_Y7": 0.745,
 "net_profit_y7": {
  "p10": 48661.016778110694,
  "p50": 1098493.2448602407,
  "p90": 2674445.70594814
 },
 "cum_profit_y7_p50": 1880723.4790668832,
 "paying_y7_p50": 80354.0
}
