partner plan [0, 1, 3, 5, 7, 9, 11] -> [0, 1, 3, 5, 8, 11, 14]
  250/2000
  500/2000
  750/2000
  1000/2000
  1250/2000
  1500/2000
  1750/2000
  2000/2000
{
 "tag": "rec",
 "n_paths": 2000,
 "scale": 10.0,
 "config": {
  "ladder_ceiling": 1.5,
  "steepness": "convex",
  "rail": 0.3,
  "alloc": [
   0.4,
   0.1,
   0.5
  ],
  "partners_extra": 3,
  "partner_plan": [
   0,
   1,
   3,
   5,
   8,
   11,
   14
  ],
  "ramp_months": 9.0
 },
 "safe_raise": {
  "p50": 2567635.4158712,
  "p80": 3067572.4403158664,
  "p90": 3449068.9362070505,
  "p95": 3723768.7419878435
 },
 "P_cum_breakeven_by_Y7": 0.746,
 "net_profit_y7": {
  "p10": 43268.07130349171,
  "p50": 1096441.9911830595,
  "p90": 2671287.0164797204
 },
 "cum_profit_y7_p50": 1894047.7369967387,
 "paying_y7_p50": 80455.0
}
