  250/2000
  500/2000
  750/2000
  1000/2000
  1250/2000
  1500/2000
  1750/2000
  2000/2000
{
 "tag": "cfg10",
 "n_paths": 2000,
 "config": {
  "ladder_ceiling": 1.0,
  "steepness": "convex",
  "rail": 0.75,
  "alloc": [
   0.5,
   0.15,
   0.35
  ]
 },
 "safe_raise": {
  "p50": 2602893.261919491,
  "p80": 3228066.666122724,
  "p90": 3721567.6824206207,
  "p95": 4264506.351258936
 },
 "P_cum_breakeven_by_Y7": 0.691,
 "net_profit_y7": {
  "p10": -15958.322501815801,
  "p50": 941144.8195302674,
  "p90": 2323924.920858008
 },
 "cum_profit_y7_p50": 1441819.543999115,
 "paying_y7_p50": 91875.0
}
