  250/2000
  500/2000
  750/2000
  1000/2000
  1250/2000
  1500/2000
  1750/2000
  2000/2000
{
 "tag": "cfg15",
 "n_paths": 2000,
 "config": {
  "ladder_ceiling": 1.5,
  "steepness": "convex",
  "rail": 0.75,
  "alloc": [
   0.5,
   0.15,
   0.35
  ]
 },
 "safe_raise": {
  "p50": 2614104.7118873736,
  "p80": 3257872.661469766,
  "p90": 3784675.3396668886,
  "p95": 4342102.16696555
 },
 "P_cum_breakeven_by_Y7": 0.672,
 "net_profit_y7": {
  "p10": -62118.124037567446,
  "p50": 891305.4218079108,
  "p90": 2274870.4003946027
 },
 "cum_profit_y7_p50": 1320633.1555641915,
 "paying_y7_p50": 91875.0
}
