  chunk 1/72 (_base 750)
  chunk 2/72 (_base 1750)
  chunk 3/72 (_base 1250)
  chunk 4/72 (_base 1500)
  chunk 5/72 (_base 1000)
  chunk 6/72 (_base 0)
  chunk 7/72 (_base 500)
  chunk 8/72 (_base 250)
  chunk 9/72 (marketing_split 250)
  chunk 10/72 (marketing_split 0)
  chunk 11/72 (ladder_trim 250)
  chunk 12/72 (ladder_trim 0)
  chunk 13/72 (ladder_trim 500)
  chunk 14/72 (marketing_split 1250)
  chunk 15/72 (marketing_split 750)
  chunk 16/72 (marketing_split 1750)
  chunk 17/72 (marketing_split 500)
  chunk 18/72 (marketing_split 1500)
  chunk 19/72 (marketing_split 1000)
  chunk 20/72 (ladder_trim 750)
  chunk 21/72 (ladder_trim 1250)
  chunk 22/72 (ladder_trim 1000)
  chunk 23/72 (ladder_trim 1500)
  chunk 24/72 (three_more_partners 250)
  chunk 25/72 (three_more_partners 0)
  chunk 26/72 (ladder_trim 1750)
  chunk 27/72 (three_more_partners 500)
  chunk 28/72 (three_more_partners 750)
  chunk 29/72 (three_more_partners 1000)
  chunk 30/72 (three_more_partners 1250)
  chunk 31/72 (three_more_partners 1500)
  chunk 32/72 (three_more_partners 1750)
  chunk 33/72 (halve_onboarding 0)
  chunk 34/72 (halve_onboarding 1000)
  chunk 35/72 (halve_onboarding 250)
  chunk 36/72 (halve_onboarding 500)
  chunk 37/72 (halve_onboarding 750)
  chunk 38/72 (halve_onboarding 1250)
  chunk 39/72 (halve_onboarding 1500)
  chunk 40/72 (halve_onboarding 1750)
  chunk 41/72 (card_activation 0)
  chunk 42/72 (card_activation 250)
  chunk 43/72 (card_activation 500)
  chunk 44/72 (card_activation 750)
  chunk 45/72 (card_activation 1250)
  chunk 46/72 (card_activation 1500)
  chunk 47/72 (card_activation 1000)
  chunk 48/72 (card_activation 1750)
  chunk 49/72 (savings_amount 0)
  chunk 50/72 (savings_amount 250)
  chunk 51/72 (savings_amount 500)
  chunk 52/72 (savings_amount 750)
  chunk 53/72 (automatic_payments 0)
  chunk 54/72 (savings_amount 1000)
  chunk 55/72 (savings_amount 1250)
  chunk 56/72 (savings_amount 1500)
  chunk 57/72 (automatic_payments 250)
  chunk 58/72 (savings_amount 1750)
  chunk 59/72 (automatic_payments 500)
  chunk 60/72 (automatic_payments 750)
  chunk 61/72 (automatic_payments 1000)
  chunk 62/72 (automatic_payments 1250)
  chunk 63/72 (automatic_payments 1750)
  chunk 64/72 (automatic_payments 1500)
  chunk 65/72 (retention 0)
  chunk 66/72 (retention 250)
  chunk 67/72 (retention 500)
  chunk 68/72 (retention 750)
  chunk 69/72 (retention 1250)
  chunk 70/72 (retention 1000)
  chunk 71/72 (retention 1500)
  chunk 72/72 (retention 1750)
  marketing_split      marketing budget UAE/Gulf/India 74/18/8 to 40/10/50
                       cum7 +687,623  np7 -182,077
  ladder_trim          loyalty ladder capped at 1.5pp, convex (top-loaded)
                       cum7 +321,648  np7 +131,665
  three_more_partners  partner plan raised 11 to 14 by year seven, arrivals still stochastic
                       cum7 +414,730  np7 +242,501
  halve_onboarding     partner onboarding fixed at 9 months instead of 18
                       cum7 +516,593  np7 +87,009
  card_activation      card take-up 18% to 30%
                       cum7 +1,316,477  np7 +460,668
  savings_amount       average monthly saving up about 20%: UAE 33.60 to 41, Gulf 26 to 32, India 30 to 36
                       cum7 +374,495  np7 +117,744
  automatic_payments   standing instruction share 30% to 75%
                       cum7 +216,664  np7 +73,537
  retention            thirteen-month persistency 63% to 73%
                       cum7 +269,771  np7 +95,621

wrote outputs/program_levers.json
